// Bun Snapshot v1, https://bun.sh/docs/test/snapshots

exports[`TerminalBufferRenderable should render basic text component 1`] = `
"Test Basic                              
                                        
                                        
                                        
                                        
                                        
                                        
                                        
                                        
                                        
"
`;

exports[`TerminalBufferRenderable should render simple ANSI text 1`] = `
"Hello World                             
                                        
                                        
                                        
                                        
                                        
                                        
                                        
                                        
                                        
"
`;

exports[`TerminalBufferRenderable should render colored text 1`] = `
"Red Green Blue                          
                                        
                                        
                                        
                                        
                                        
                                        
                                        
                                        
                                        
"
`;

exports[`TerminalBufferRenderable should render multi-line ANSI 1`] = `
"Line 1                                  
Line 2                                  
Line 3                                  
                                        
                                        
                                        
                                        
                                        
                                        
                                        
"
`;

exports[`TerminalBufferRenderable should handle prefix being added 1`] = `
"[PREFIX]                                
Original Text                           
                                        
                                        
                                        
                                        
                                        
                                        
                                        
                                        
"
`;

exports[`TerminalBufferRenderable should handle multiple prefix additions 1`] = `
"[PREFIX 2]                              
[PREFIX 1]                              
Base Text                               
                                        
                                        
                                        
                                        
                                        
                                        
                                        
"
`;

exports[`TerminalBufferRenderable should respect cols and rows options 1`] = `
"Test                
                    
                    
                    
                    
"
`;

exports[`TerminalBufferRenderable should handle bold and italic text 1`] = `
"Bold Italic Both                        
                                        
                                        
                                        
                                        
                                        
                                        
                                        
                                        
                                        
"
`;

exports[`TerminalBufferRenderable should handle RGB colors 1`] = `
"Hot Pink Spring Green                   
                                        
                                        
                                        
                                        
                                        
                                        
                                        
                                        
                                        
"
`;

exports[`TerminalBufferRenderable should handle empty ANSI 1`] = `
"                                        
                                        
                                        
                                        
                                        
                                        
                                        
                                        
                                        
                                        
"
`;

exports[`TerminalBufferRenderable should preserve newlines correctly 1`] = `
"Line1                                   
                                        
Line3                                   
                                        
                                        
                                        
                                        
                                        
                                        
                                        
"
`;

exports[`TerminalBufferRenderable should handle background colors 1`] = `
" Red BG   Green BG                      
                                        
                                        
                                        
                                        
                                        
                                        
                                        
                                        
                                        
"
`;
